[31merror[39m: Error connecting to MongoDB: Could not connect to any servers in your MongoDB Atlas cluster. One common reason is that you're trying to access the database from an IP that isn't whitelisted. Make sure your current IP address is on your Atlas cluster's IP whitelist: https://www.mongodb.com/docs/atlas/security-whitelist/ {"service":"ride-mitron-backend","timestamp":"2026-03-03T12:44:50.611Z"}
